// Jest Snapshot v1, https://goo.gl/fbAQLP

exports[`addAPIData 1`] = `
Object {
  "payload": Object {
    "description": "Follows the struggle of Richard Hendricks, a silicon valley engineer trying to build his own company called Pied Piper.",
    "imdbID": "tt2575988",
    "poster": "sv.jpg",
    "title": "Silicon Valley",
    "trailer": "69V__a49xtw",
    "year": "2014â€“",
  },
  "type": "ADD_API_DATA",
}
`;

exports[`setSearchTerm 1`] = `
Object {
  "payload": "New York",
  "type": "SET_SEARH_TERM",
}
`;
